/home/vens/classes/Fall2014/cpre488/labs/mp0/MP-0/system/implementation/system.ngc 1410228496
/home/vens/classes/Fall2014/cpre488/labs/mp0/MP-0/system/implementation/system_processing_system7_0_wrapper.ngc 1410227714
/home/vens/classes/Fall2014/cpre488/labs/mp0/MP-0/system/implementation/system_axi4lite_0_wrapper.ngc 1410228375
/home/vens/classes/Fall2014/cpre488/labs/mp0/MP-0/system/implementation/system_axi_interconnect_1_wrapper.ngc 1410228385
/home/vens/classes/Fall2014/cpre488/labs/mp0/MP-0/system/implementation/system_axi_vdma_0_wrapper.ngc 1410228395
/home/vens/classes/Fall2014/cpre488/labs/mp0/MP-0/system/implementation/system_v_axi4s_vid_out_0_wrapper.ngc 1410228255
/home/vens/classes/Fall2014/cpre488/labs/mp0/MP-0/system/implementation/system_v_tc_0_wrapper.ngc 1410228366
/home/vens/classes/Fall2014/cpre488/labs/mp0/MP-0/system/implementation/system_sws_8bits_wrapper.ngc 1410227657
/home/vens/classes/Fall2014/cpre488/labs/mp0/MP-0/system/implementation/system_leds_8bits_wrapper.ngc 1410227657
/home/vens/classes/Fall2014/cpre488/labs/mp0/MP-0/system/implementation/system_btns_5bits_wrapper.ngc 1410227657
OK
