18:46:10 **** Incremental Build of configuration Debug for project vga_test ****
make all 
make: Nothing to be done for `all'.
18:46:18 **** Incremental Build of configuration Debug for project hello_world ****
make all 
make: Nothing to be done for `all'.
18:46:18 **** Incremental Build of configuration Debug for project cyclone_checker ****
make all 
make: Nothing to be done for `all'.
18:46:19 **** Incremental Build of configuration Debug for project vga_test ****
make all 
make: Nothing to be done for `all'.
19:09:32 **** Auto Build of project hello_world_bsp ****
make -k all 
Finished building libraries
19:09:32 **** Auto Build of project cyclone_checker_bsp ****
make -k all 
Finished building libraries
19:22:03 **** Auto Build of project hello_world_bsp ****
make -k all 
libgen -hw ../system_hw_platform/system.xml\
	       \
	       -pe ps7_cortexa9_0 \
	       -log libgen.log \
	       system.mss
libgen
Xilinx EDK 14.6 Build EDK_P.68d
Copyright (c) 1995-2012 Xilinx, Inc.  All rights reserved.

Command Line: libgen -hw ../system_hw_platform/system.xml -pe ps7_cortexa9_0
-log libgen.log system.mss 


Staging source files.
Running DRCs.
Running generate.
Running post_generate.
Running include - 'gmake -s include "COMPILER=arm-xilinx-eabi-gcc"
"ARCHIVER=arm-xilinx-eabi-ar" "COMPILER_FLAGS= -O2 -c"
"EXTRA_COMPILER_FLAGS=-g"'.

Running libs - 'gmake -s libs "COMPILER=arm-xilinx-eabi-gcc"
"ARCHIVER=arm-xilinx-eabi-ar" "COMPILER_FLAGS= -O2 -c"
"EXTRA_COMPILER_FLAGS=-g"'.
Compiling common
arm-xilinx-eabi-ar: creating ../../../lib/libxil.a
Compiling xadc
Compiling standalone
Compiling axivdma
Compiling gpio
Compiling devcfg
Compiling dmaps
Compiling emacps
Compiling gpiops
Compiling qspips
Compiling scugic
Compiling scutimer
Compiling scuwdt
Compiling ttcps
Compiling uartps
Compiling usbps
Compiling video timing controller
Compiling cpu_cortexa9
Running execs_generate.
Finished building libraries
19:22:20 **** Auto Build of configuration Debug for project hello_world ****
make all 
make: Nothing to be done for `all'.
19:22:20 **** Auto Build of project cyclone_checker_bsp ****
make -k all 
libgen -hw ../system_hw_platform/system.xml\
	       \
	       -pe ps7_cortexa9_0 \
	       -log libgen.log \
	       system.mss
libgen
Xilinx EDK 14.6 Build EDK_P.68d
Copyright (c) 1995-2012 Xilinx, Inc.  All rights reserved.

Command Line: libgen -hw ../system_hw_platform/system.xml -pe ps7_cortexa9_0
-log libgen.log system.mss 


Staging source files.
Running DRCs.
Running generate.
Running post_generate.
Running include - 'gmake -s include "COMPILER=arm-xilinx-eabi-gcc"
"ARCHIVER=arm-xilinx-eabi-ar" "COMPILER_FLAGS= -O2 -c"
"EXTRA_COMPILER_FLAGS=-g"'.

Running libs - 'gmake -s libs "COMPILER=arm-xilinx-eabi-gcc"
"ARCHIVER=arm-xilinx-eabi-ar" "COMPILER_FLAGS= -O2 -c"
"EXTRA_COMPILER_FLAGS=-g"'.
Compiling common
arm-xilinx-eabi-ar: creating ../../../lib/libxil.a
Compiling xadc
Compiling standalone
Compiling axivdma
Compiling gpio
Compiling devcfg
Compiling dmaps
Compiling emacps
Compiling gpiops
Compiling qspips
Compiling scugic
Compiling scutimer
Compiling scuwdt
Compiling ttcps
Compiling uartps
Compiling usbps
Compiling video timing controller
Compiling cpu_cortexa9
Running execs_generate.
Finished building libraries
19:22:37 **** Auto Build of configuration Debug for project cyclone_checker ****
make all 
make: Nothing to be done for `all'.
19:22:37 **** Auto Build of configuration Debug for project vga_test ****
make all 
make: Nothing to be done for `all'.
19:23:19 **** Incremental Build of configuration Debug for project hello_world ****
make all 
make: Nothing to be done for `all'.
19:23:19 **** Incremental Build of configuration Debug for project cyclone_checker ****
make all 
make: Nothing to be done for `all'.
19:23:20 **** Incremental Build of configuration Debug for project vga_test ****
make all 
make: Nothing to be done for `all'.
20:34:14 **** Auto Build of project hello_world_bsp ****
make -k all 
libgen -hw ../system_hw_platform/system.xml\
	       \
	       -pe ps7_cortexa9_0 \
	       -log libgen.log \
	       system.mss
libgen
Xilinx EDK 14.6 Build EDK_P.68d
Copyright (c) 1995-2012 Xilinx, Inc.  All rights reserved.

Command Line: libgen -hw ../system_hw_platform/system.xml -pe ps7_cortexa9_0
-log libgen.log system.mss 


Staging source files.
Running DRCs.
Running generate.
Running post_generate.
Running include - 'gmake -s include "COMPILER=arm-xilinx-eabi-gcc"
"ARCHIVER=arm-xilinx-eabi-ar" "COMPILER_FLAGS= -O2 -c"
"EXTRA_COMPILER_FLAGS=-g"'.

Running libs - 'gmake -s libs "COMPILER=arm-xilinx-eabi-gcc"
"ARCHIVER=arm-xilinx-eabi-ar" "COMPILER_FLAGS= -O2 -c"
"EXTRA_COMPILER_FLAGS=-g"'.
Compiling common
arm-xilinx-eabi-ar: creating ../../../lib/libxil.a
Compiling xadc
Compiling standalone
Compiling axivdma
Compiling gpio
Compiling devcfg
Compiling dmaps
Compiling emacps
Compiling gpiops
Compiling qspips
Compiling scugic
Compiling scutimer
Compiling scuwdt
Compiling ttcps
Compiling uartps
Compiling usbps
Compiling video timing controller
Compiling cpu_cortexa9
Running execs_generate.
Finished building libraries
20:35:31 **** Auto Build of configuration Debug for project hello_world ****
make all 
make: Nothing to be done for `all'.
20:35:31 **** Auto Build of project cyclone_checker_bsp ****
make -k all 
libgen -hw ../system_hw_platform/system.xml\
	       \
	       -pe ps7_cortexa9_0 \
	       -log libgen.log \
	       system.mss
libgen
Xilinx EDK 14.6 Build EDK_P.68d
Copyright (c) 1995-2012 Xilinx, Inc.  All rights reserved.

Command Line: libgen -hw ../system_hw_platform/system.xml -pe ps7_cortexa9_0
-log libgen.log system.mss 


Staging source files.
Running DRCs.
Running generate.
Running post_generate.
Running include - 'gmake -s include "COMPILER=arm-xilinx-eabi-gcc"
"ARCHIVER=arm-xilinx-eabi-ar" "COMPILER_FLAGS= -O2 -c"
"EXTRA_COMPILER_FLAGS=-g"'.

Running libs - 'gmake -s libs "COMPILER=arm-xilinx-eabi-gcc"
"ARCHIVER=arm-xilinx-eabi-ar" "COMPILER_FLAGS= -O2 -c"
"EXTRA_COMPILER_FLAGS=-g"'.
Compiling common
arm-xilinx-eabi-ar: creating ../../../lib/libxil.a
Compiling xadc
Compiling standalone
Compiling axivdma
Compiling gpio
Compiling devcfg
Compiling dmaps
Compiling emacps
Compiling gpiops
Compiling qspips
Compiling scugic
Compiling scutimer
Compiling scuwdt
Compiling ttcps
Compiling uartps
Compiling usbps
Compiling video timing controller
Compiling cpu_cortexa9
Running execs_generate.
Finished building libraries
20:36:41 **** Auto Build of configuration Debug for project cyclone_checker ****
make all 
make: Nothing to be done for `all'.
20:36:41 **** Clean-only build of configuration Debug for project vga_test ****
make clean 
rm -rf  ./src/vga_test.o  ./src/vga_test.d  vga_test.elf.size  vga_test.elf
 
20:36:41 **** Auto Build of configuration Debug for project vga_test ****
make all 
Building file: ../src/vga_test.c
Invoking: ARM gcc compiler
arm-xilinx-eabi-gcc -Wall -O0 -g3 -c -fmessage-length=0 -I../../hello_world_bsp/ps7_cortexa9_0/include -MMD -MP -MF"src/vga_test.d" -MT"src/vga_test.d" -o "src/vga_test.o" "../src/vga_test.c"
../src/vga_test.c: In function 'main':
../src/vga_test.c:57:5: warning: implicit declaration of function 'Xil_DCacheFlush' [-Wimplicit-function-declaration]
Finished building: ../src/vga_test.c
 
Building target: vga_test.elf
Invoking: ARM gcc linker
arm-xilinx-eabi-gcc -Wl,-T -Wl,../src/lscript.ld -L../../hello_world_bsp/ps7_cortexa9_0/lib -o "vga_test.elf"  ./src/vga_test.o   -Wl,--start-group,-lxil,-lgcc,-lc,--end-group
Finished building target: vga_test.elf
 
Invoking: ARM Print Size
arm-xilinx-eabi-size vga_test.elf  |tee "vga_test.elf.size"
   text	   data	    bss	    dec	    hex	filename
  42628	   2144	 644260	 689032	  a8388	vga_test.elf
Finished building: vga_test.elf.size
 
20:39:08 **** Incremental Build of configuration Debug for project hello_world ****
make all 
make: Nothing to be done for `all'.
20:39:09 **** Incremental Build of configuration Debug for project cyclone_checker ****
make all 
make: Nothing to be done for `all'.
20:39:10 **** Incremental Build of configuration Debug for project vga_test ****
make all 
make: Nothing to be done for `all'.
