22:15:15 **** Auto Build of configuration Debug for project vga_test ****
make all 
Building file: ../src/vga_test.c
Invoking: ARM gcc compiler
arm-xilinx-eabi-gcc -Wall -O0 -g3 -c -fmessage-length=0 -I../../hello_world_bsp/ps7_cortexa9_0/include -MMD -MP -MF"src/vga_test.d" -MT"src/vga_test.d" -o "src/vga_test.o" "../src/vga_test.c"
../src/vga_test.c: In function 'main':
../src/vga_test.c:56:5: warning: implicit declaration of function 'Xil_DCacheFlush' [-Wimplicit-function-declaration]
Finished building: ../src/vga_test.c
 
Building target: vga_test.elf
Invoking: ARM gcc linker
arm-xilinx-eabi-gcc -Wl,-T -Wl,../src/lscript.ld -L../../hello_world_bsp/ps7_cortexa9_0/lib -o "vga_test.elf"  ./src/vga_test.o   -Wl,--start-group,-lxil,-lgcc,-lc,--end-group
Finished building target: vga_test.elf
 
Invoking: ARM Print Size
arm-xilinx-eabi-size vga_test.elf  |tee "vga_test.elf.size"
   text	   data	    bss	    dec	    hex	filename
  30472	   1104	 644196	 675772	  a4fbc	vga_test.elf
Finished building: vga_test.elf.size
 

22:15:15 Build Finished (took 220ms)

